C51 COMPILER V9.54   DELAY                                                                 04/05/2019 15:20:45 PAGE 1   


C51 COMPILER V9.54, COMPILATION OF MODULE DELAY
OBJECT MODULE PLACED IN ..\OBJ\delay.obj
COMPILER INVOKED BY: D:\MDK5\C51\BIN\C51.EXE ..\HARDWARE\delay.c OPTIMIZE(8,SPEED) BROWSE INCDIR(..\HARDWARE) DEBUG OBJE
                    -CTEXTEND PRINT(.\Listings\delay.lst) TABS(2) OBJECT(..\OBJ\delay.obj)

line level    source

   1          #include "delay.h"
   2          #include <intrins.h>
   3          
   4          void delay_ms(unsigned char t)//ÑÓÊ±1ms
   5          {
   6   1        unsigned char a,i,j;
   7   1        for(a=t;a>0;a--)
   8   1        {
   9   2          _nop_();
  10   2          _nop_();
  11   2          _nop_();
  12   2          i = 11;
  13   2          j = 190;
  14   2          do
  15   2          {
  16   3            while (--j);
  17   3          }while (--i);
  18   2        }
  19   1      }
  20          void delay_us(unsigned char t)
  21          {
  22   1        unsigned char a;
  23   1        for(a=t;a>0;a--)
  24   1        {
  25   2          _nop_();
  26   2          _nop_();
  27   2          _nop_();
  28   2        }
  29   1      }


MODULE INFORMATION:   STATIC OVERLAYABLE
   CODE SIZE        =     34    ----
   CONSTANT SIZE    =   ----    ----
   XDATA SIZE       =   ----    ----
   PDATA SIZE       =   ----    ----
   DATA SIZE        =   ----    ----
   IDATA SIZE       =   ----    ----
   BIT SIZE         =   ----    ----
END OF MODULE INFORMATION.


C51 COMPILATION COMPLETE.  0 WARNING(S),  0 ERROR(S)
