C51 COMPILER V9.54   STATE                                                                 04/06/2019 13:24:47 PAGE 1   


C51 COMPILER V9.54, COMPILATION OF MODULE STATE
OBJECT MODULE PLACED IN ..\OBJ\state.obj
COMPILER INVOKED BY: D:\MDK5\C51\BIN\C51.EXE ..\HARDWARE\state.c OPTIMIZE(8,SPEED) BROWSE INCDIR(..\HARDWARE) DEBUG OBJE
                    -CTEXTEND PRINT(.\Listings\state.lst) TABS(2) OBJECT(..\OBJ\state.obj)

line level    source

   1          #include "state.h"
   2          
   3          /*******************************************************************************
   4          * 函 数 名         :   idle_handle
   5          * 函数功能         : 空闲服务函数
   6          * 输    入         : 无
   7          * 输    出         : 无
   8          * 说    名         : 改变flag的值
   9          *******************************************************************************/
  10          void idle_handle(void)
  11          {
  12   1       
  13   1        u8 stat[]=" IDLE_STATE";
  14   1        Lcd1602_Write_Cmd(0x01); //清屏
  15   1        LcdShowStr(0,0,stat);
  16   1        Ds1302ReadTime();
  17   1        DisplayOneChar(1,1,'0'+TIME[4]/16);     //月
  18   1        DisplayOneChar(2,1,'0'+(TIME[4]&0x0f));
  19   1        DisplayOneChar(3,1,'-');
  20   1        DisplayOneChar(4,1,'0'+TIME[3]/16);     //日
  21   1        DisplayOneChar(5,1,'0'+(TIME[3]&0x0f));
  22   1        DisplayOneChar(6,1,'-');
  23   1        DisplayOneChar(7,1,'0'+TIME[2]/16);       //时
  24   1        DisplayOneChar(8,1,'0'+(TIME[2]&0x0f));        
  25   1        DisplayOneChar(9,1,'-');
  26   1        DisplayOneChar(10,1,'0'+TIME[1]/16);        //分
  27   1        DisplayOneChar(11,1,'0'+(TIME[1]&0x0f));  
  28   1        DisplayOneChar(12,1,'-');
  29   1        DisplayOneChar(13,1,'0'+TIME[0]/16);        //秒
  30   1        DisplayOneChar(14,1,'0'+(TIME[0]&0x0f));
  31   1        delay_ms(50);
  32   1        no_speaker();   
*** WARNING C206 IN LINE 32 OF ..\HARDWARE\state.c: 'no_speaker': missing function-prototype
  33   1      }
  34          /*******************************************************************************
  35          * 函 数 名         :   add_handle
  36          * 函数功能         : 添加指纹服务函数
  37          * 输    入         : 无
  38          * 输    出         : 无
  39          * 说    名         : 改变flag的值
  40          *******************************************************************************/
  41          void add_handle(void)
  42          {
  43   1        unsigned char stat[]=" ADD_STATE";
  44   1        Lcd1602_Write_Cmd(0x01); //清屏
  45   1        LcdShowStr(0,0,stat);
  46   1        delay_ms(50);
  47   1        no_speaker();  
  48   1      }
  49          /*******************************************************************************
  50          * 函 数 名         :   del_handle
  51          * 函数功能         : 删除指纹服务函数
  52          * 输    入         : 无
  53          * 输    出         : 无
C51 COMPILER V9.54   STATE                                                                 04/06/2019 13:24:47 PAGE 2   

  54          * 说    名         : 改变flag的值
  55          *******************************************************************************/
  56          void del_handle (void)
  57          {
  58   1        unsigned char stat[]="DLE_STATE";
  59   1        Lcd1602_Write_Cmd(0x01); //清屏
  60   1        LcdShowStr(0,0,stat);
  61   1        delay_ms(50);
  62   1        no_speaker();  
  63   1      }
  64          /*******************************************************************************
  65          * 函 数 名         :   identify_handle
  66          * 函数功能         : 识别指纹服务函数
  67          * 输    入         : 无
  68          * 输    出         : 无
  69          * 说    名         : 改变flag的值
  70          *******************************************************************************/
  71          void identify_handle(void)
  72          {
  73   1        unsigned char stat[]="IFY_STATE";
  74   1        Lcd1602_Write_Cmd(0x01); //清屏
  75   1        LcdShowStr(0,0,stat);
  76   1        delay_ms(50);
  77   1        success_speaker();
  78   1      }
  79          
  80          
  81          
  82          
  83          
  84          
  85          
  86          
  87          


MODULE INFORMATION:   STATIC OVERLAYABLE
   CODE SIZE        =    360    ----
   CONSTANT SIZE    =     43    ----
   XDATA SIZE       =   ----    ----
   PDATA SIZE       =   ----    ----
   DATA SIZE        =   ----      43
   IDATA SIZE       =   ----    ----
   BIT SIZE         =   ----    ----
END OF MODULE INFORMATION.


C51 COMPILATION COMPLETE.  1 WARNING(S),  0 ERROR(S)
