C51 COMPILER V9.54   STATE                                                                 04/17/2019 21:46:39 PAGE 1   


C51 COMPILER V9.54, COMPILATION OF MODULE STATE
OBJECT MODULE PLACED IN ..\OBJ\state.obj
COMPILER INVOKED BY: D:\MDK5\C51\BIN\C51.EXE ..\HARDWARE\state.c LARGE OPTIMIZE(8,SPEED) BROWSE INCDIR(..\HARDWARE) DEBU
                    -G OBJECTEXTEND PRINT(.\Listings\state.lst) TABS(2) OBJECT(..\OBJ\state.obj)

line level    source

   1          #include "state.h"
   2          #define add_day 0
   3          #define add_hor 1
   4          #define add_min 2
   5          
   6           extern KeyValue;
   7           extern flag;
   8           extern uchar TIME[7];  
   9           u8 rtc_flag = add_day;
  10           u8 id_flag = id_000;
  11           u8 pwd_flag=0;
  12           u8 id_stat0[] = " id_000 ";
  13           u8 id_stat1[] = " id_001 ";
  14           u8 id_stat2[] = " id_002 ";
  15           
  16           
  17          /*******************************************************************************
  18          * 函 数 名         :   idle_handle
  19          * 函数功能         : 空闲服务函数
  20          * 输    入         : 无
  21          * 输    出         : 无
  22          * 说    名         : 改变flag的值
  23          *******************************************************************************/
  24          void idle_handle(void)
  25          {
  26   1       
  27   1        u8 stat[]=" IDLE_STATE";
  28   1        Lcd1602_Write_Cmd(0x01); //清屏
  29   1        LcdShowStr(0,0,stat);
  30   1        Ds1302ReadTime();
  31   1        DisplayOneChar(1,1,'0'+TIME[4]/16);     //月
  32   1        DisplayOneChar(2,1,'0'+(TIME[4]&0x0f));
  33   1        DisplayOneChar(3,1,'-');
  34   1        DisplayOneChar(4,1,'0'+TIME[3]/16);     //日
  35   1        DisplayOneChar(5,1,'0'+(TIME[3]&0x0f));
  36   1        DisplayOneChar(6,1,'-');
  37   1        DisplayOneChar(7,1,'0'+TIME[2]/16);       //时
  38   1        DisplayOneChar(8,1,'0'+(TIME[2]&0x0f));        
  39   1        DisplayOneChar(9,1,'-');
  40   1        DisplayOneChar(10,1,'0'+TIME[1]/16);        //分
  41   1        DisplayOneChar(11,1,'0'+(TIME[1]&0x0f));  
  42   1        DisplayOneChar(12,1,'-');
  43   1        DisplayOneChar(13,1,'0'+TIME[0]/16);        //秒
  44   1        DisplayOneChar(14,1,'0'+(TIME[0]&0x0f));
  45   1        if(KEY2==0)
  46   1        { 
  47   2          delay_ms(10);
  48   2          if(KEY2 == 0)
  49   2          {
  50   3           switch(rtc_flag)
  51   3            { 
  52   4              case add_day : rtc_flag = add_hor;break;
  53   4              case add_hor : rtc_flag = add_min;break;
  54   4              case add_min : rtc_flag = add_day;break;
C51 COMPILER V9.54   STATE                                                                 04/17/2019 21:46:39 PAGE 2   

  55   4              default : rtc_flag = add_day;break;
  56   4            }
  57   3           while(!KEY2);
  58   3          }
  59   2        }
  60   1        if(KEY3==0)//
  61   1        {
  62   2          delay_ms(10); 
  63   2          if(KEY3==0)//如果仍为低电平，表示按键有效
  64   2          {
  65   3              bcd2hex();
  66   3              while(KEY3==0);//等待松手
  67   3                switch(rtc_flag)
  68   3             {
  69   4              case add_day:
  70   4                if(TIME[3]<=29)
  71   4                  TIME[3]=TIME[3]+1;
  72   4                else
  73   4                {
  74   5                  TIME[4]=TIME[4]+1;
  75   5                  TIME[3]=1;
  76   5                }
  77   4                  break;
  78   4              case add_hor:
  79   4                if(TIME[2]<=50)
  80   4                  TIME[2]=TIME[2]+1;
  81   4                break;
  82   4              case add_min:
  83   4                if(TIME[1]<=58)
  84   4                  TIME[1]=TIME[1]+1;
  85   4                else
  86   4                  TIME[1]=0;
  87   4                break;
  88   4              default:      break;
  89   4             }
  90   3             hex2bcd();
  91   3             Ds1302Init();
  92   3           }
  93   2        }
  94   1         switch(rtc_flag)
  95   1            { 
  96   2              case add_day : LcdShowStr(15,0,"d");break;
  97   2              case add_hor : LcdShowStr(15,0,"h");break;
  98   2              case add_min : LcdShowStr(15,0,"m");break;
  99   2              default : rtc_flag = add_day;break;
 100   2            }
 101   1        delay_ms(50);
 102   1            
 103   1      }
 104          /*******************************************************************************
 105          * 函 数 名         :   add_handle
 106          * 函数功能         : 添加指纹服务函数
 107          * 输    入         : 无
 108          * 输    出         : 无
 109          * 说    名         : 改变flag的值
 110          *******************************************************************************/
 111          void add_handle(void)
 112          {
 113   1        unsigned char stat[]=" ADD_STATE";
 114   1        Lcd1602_Write_Cmd(0x01); //清屏
 115   1        LcdShowStr(0,0,stat);
 116   1        if(KEY2==0)
C51 COMPILER V9.54   STATE                                                                 04/17/2019 21:46:39 PAGE 3   

 117   1        { 
 118   2          delay_ms(10);
 119   2          if(KEY2 == 0)
 120   2          {
 121   3           switch(id_flag)
 122   3            { 
 123   4              case id_000 : id_flag = id_001;SaveNumber=1; break;
 124   4              case id_001 : id_flag = id_002;SaveNumber=2; break;
 125   4              case id_002 : id_flag = id_000;SaveNumber=0; break;
 126   4              default : id_flag = id_000;SaveNumber=1;
 127   4            }
 128   3           while(!KEY2);
 129   3          }
 130   2        }
 131   1        
 132   1        if(id_flag==id_000)
 133   1          LcdShowStr(0,1,id_stat0);
 134   1        else if(id_flag==id_001)
 135   1          LcdShowStr(0,1,id_stat1);
 136   1        else
 137   1          LcdShowStr(0,1,id_stat2);
 138   1        if(KEY3==0)//录入一个指纹
 139   1        {
 140   2          delay_ms(10); 
 141   2          if(KEY3==0)//如果仍为低电平，表示按键有效
 142   2          {
 143   3            while(KEY3==0);//等待松手
 144   3            if(VefPSW()==1&&SaveNumber<10)//与模块握手通过
 145   3            {
 146   4              if(enroll()==1)//采集两次，生成1个指纹模板成功
 147   4              {
 148   5                if(savefingure(SaveNumber+1)==1)//保存也成功
 149   5                {
 150   6                    SaveNumber++;//加一次
 151   6                  
 152   6                    LcdShowStr(10,1,"OK!");
 153   6                    delay_ms(2000);
 154   6                }
 155   5              }
 156   4            }
 157   3          }
 158   2        }
 159   1        delay_ms(50);
 160   1      }
 161          /*******************************************************************************
 162          * 函 数 名         :   del_handle
 163          * 函数功能         : 删除指纹服务函数
 164          * 输    入         : 无
 165          * 输    出         : 无
 166          * 说    名         : 改变flag的值
 167          *******************************************************************************/
 168          void del_handle (void)
 169          {  
 170   1      
 171   1        unsigned char stat[]=" DLE_STATE ";
 172   1        Lcd1602_Write_Cmd(0x01); //清屏
 173   1        LcdShowStr(0,0,stat);
 174   1        
 175   1        if(KEY2==0)
 176   1        { 
 177   2          delay_ms(10);
 178   2          if(KEY2 == 0)
C51 COMPILER V9.54   STATE                                                                 04/17/2019 21:46:39 PAGE 4   

 179   2          {
 180   3           switch(id_flag)
 181   3            { 
 182   4              case id_000 : id_flag = id_001;SaveNumber=1; break;
 183   4              case id_001 : id_flag = id_002; SaveNumber=2;break;
 184   4              case id_002 : id_flag = clear_all;SaveNumber=0; break;
 185   4              case clear_all :id_flag = id_000;SaveNumber=10; break;
 186   4              default : id_flag = id_000;SaveNumber=1; break;
 187   4            }
 188   3           while(!KEY2);
 189   3          }
 190   2        }
 191   1        if(id_flag==id_000)
 192   1          LcdShowStr(0,1,id_stat0);
 193   1        else if(id_flag==id_001)
 194   1          LcdShowStr(0,1,id_stat1);
 195   1        else if(id_flag==id_002)
 196   1          LcdShowStr(0,1,id_stat2);
 197   1        else 
 198   1          LcdShowStr(0,1,"clear_all");
 199   1        if(KEY3==0)//
 200   1        {
 201   2          delay_ms(10); 
 202   2          if(KEY3==0)//如果仍为低电平，表示按键有效
 203   2          {
 204   3              while(KEY3==0);//等待松手
 205   3                switch(id_flag)
 206   3             {
 207   4              case id_000:  break;
 208   4              case id_001:  break;
 209   4              case id_002:  break;
 210   4              case clear_all: Clear_All(); LcdShowStr(12,1,"OK!");;delay_ms(1500);break;
 211   4              default:DisplayOneChar(4,1,'0'+searchnum);
 212   4            
 213   4             }
 214   3          }
 215   2        
 216   2        }
 217   1        
 218   1        
 219   1        delay_ms(50);
 220   1      }
 221          /*******************************************************************************
 222          * 函 数 名         :   identify_handle
 223          * 函数功能         : 识别指纹服务函数
 224          * 输    入         : 无
 225          * 输    出         : 无
 226          * 说    名         : 改变flag的值
 227          *******************************************************************************/
 228          void identify_handle(void)
 229          {
 230   1        
 231   1        unsigned char stat[]=" IFY_STATE ";
 232   1        Lcd1602_Write_Cmd(0x01); //清屏
 233   1        LcdShowStr(0,0,stat);
 234   1         if(WAK_Check())
 235   1        {
 236   2          searchnum=search();
 237   2          if(searchnum>=1&&searchnum<=162)//只能存入162个指纹
 238   2         {             
 239   3          buzzer=0;//蜂鸣器响一声    
 240   3          delay_ms(1000);
C51 COMPILER V9.54   STATE                                                                 04/17/2019 21:46:39 PAGE 5   

 241   3          buzzer=1;
 242   3          delay_ms(1000);
 243   3          switch(searchnum)
 244   3          {
 245   4            case 1: LcdShowStr(0,1,id_stat0);delay_ms(1500); break;
 246   4            case 2: LcdShowStr(0,1,id_stat1);delay_ms(1500); break;
 247   4            case 3: LcdShowStr(0,1,id_stat2);delay_ms(1500); break;
 248   4            default:DisplayOneChar(4,1,'0'+searchnum);
 249   4          
 250   4          }
 251   3        }
 252   2        if(searchnum==255)//不正确的指纹 蜂鸣器响三声
 253   2        {
 254   3           buzzer=0;delay_ms(100); buzzer=1;delay_ms(100);
 255   3           buzzer=0;delay_ms(100); buzzer=1;delay_ms(100);
 256   3           buzzer=0;delay_ms(100); buzzer=1;delay_ms(100); 
 257   3        }
 258   2       }
 259   1        delay_ms(50);
 260   1      }
 261          /*******************************************************************************
 262          * 函 数 名         :   pwd_handle
 263          * 函数功能         : 等待输入管理员密码
 264          * 输    入         : 无
 265          * 输    出         : 无
 266          * 说    名         : 改变flag的值
 267          *******************************************************************************/
 268          void pwd_handle(void)
 269          {
 270   1        static KeyState=0;
 271   1        unsigned char stat[]="input pwd :";
 272   1        Lcd1602_Write_Cmd(0x01); //清屏
 273   1        LcdShowStr(0,0,stat);
 274   1        if(KeyState!=3)
 275   1          KeyDown();
 276   1        if((KeyValue==0)&&(KeyState==0))
 277   1        {
 278   2          KeyState = 0;
 279   2        }
 280   1        else if((KeyValue==1)&&(KeyState==0))
 281   1        {
 282   2          KeyState = 1;
 283   2          DisplayOneChar(1,1,'0'+KeyValue);
 284   2          delay_ms(500);
 285   2        }
 286   1          else if((KeyValue==1)&&(KeyState==1))
 287   1        {
 288   2          KeyState = 1; 
 289   2        }
 290   1        else if(KeyValue==3&&KeyState==1)
 291   1        {
 292   2          KeyState = 2;
 293   2          DisplayOneChar(2,1,'0'+KeyValue);
 294   2          delay_ms(500);
 295   2        }
 296   1        else if(KeyValue==3&&KeyState==2)
 297   1        {
 298   2          KeyState = 2;
 299   2        }
 300   1        else if(KeyValue==4&&KeyState==2)
 301   1        {
 302   2          KeyState = 3;
C51 COMPILER V9.54   STATE                                                                 04/17/2019 21:46:39 PAGE 6   

 303   2          DisplayOneChar(3,1,'0'+KeyValue);
 304   2          delay_ms(500);
 305   2        }
 306   1        else if(KeyState == 3)
 307   1        {
 308   2          flag = del_state;//进入删除指纹状态
 309   2          KeyState = 3;
 310   2          KeyValue=0;
 311   2        }
 312   1        else
 313   1        {
 314   2          flag = err_state;//退出
 315   2          KeyState = 0;
 316   2          KeyValue=0;
 317   2          delay_ms(500);
 318   2        }
 319   1        delay_ms(50);
 320   1      }
 321          
 322          /*******************************************************************************
 323          * 函 数 名         :   err_handle
 324          * 函数功能         : 密码错误
 325          * 输    入         : 无
 326          * 输    出         : 无
 327          * 说    名         : 改变flag的值
 328          *******************************************************************************/
 329          void err_handle(void)
 330          {
 331   1        u8 i;
 332   1        unsigned char stat[]="       error!";
 333   1        Lcd1602_Write_Cmd(0x01); //清屏
 334   1        LcdShowStr(0,0,stat);
 335   1        for(i=0;i<9;i++)
 336   1        {
 337   2          if(i%3==0)
 338   2          {  
 339   3             LcdShowStr(0,1,".  ");
 340   3             delay_ms(1000);
 341   3          }
 342   2          else if(i%3==1)
 343   2          {
 344   3             LcdShowStr(1,1,".. ");
 345   3             delay_ms(1000);
 346   3          }
 347   2        } 
 348   1        flag = 0;//退出
 349   1      }
 350          /*******************************************************************************
 351          * 函 数 名         :   bcd2hex
 352          * 函数功能         : 将bcd码转化为hex
 353          * 输    入         : 无
 354          * 输    出         : 无
 355          * 说    名         : 改变time数组的格式
 356          *******************************************************************************/
 357          void bcd2hex(void)
 358          {
 359   1        u16 i;
 360   1        for(i=0;i<7;i++)
 361   1          TIME[i]=(TIME[i]/16)*10+TIME[i]%16;
 362   1      }
 363          /*******************************************************************************
 364          * 函 数 名         :   hex2bcd
C51 COMPILER V9.54   STATE                                                                 04/17/2019 21:46:39 PAGE 7   

 365          * 函数功能         : 将hex码转化为bcd
 366          * 输    入         : 无
 367          * 输    出         : 无
 368          * 说    名         : 改变time数组的格式
 369          *******************************************************************************/
 370          void hex2bcd(void)
 371          {
 372   1        u16 i;
 373   1        for(i=0;i<7;i++)
 374   1          TIME[i]=(TIME[i]/10)*16+TIME[i]%10;
 375   1      }
 376          
 377          
 378          
 379          
 380          


MODULE INFORMATION:   STATIC OVERLAYABLE
   CODE SIZE        =   1683    ----
   CONSTANT SIZE    =    101    ----
   XDATA SIZE       =     32      74
   PDATA SIZE       =   ----    ----
   DATA SIZE        =   ----    ----
   IDATA SIZE       =   ----    ----
   BIT SIZE         =   ----    ----
END OF MODULE INFORMATION.


C51 COMPILATION COMPLETE.  0 WARNING(S),  0 ERROR(S)
